// Jest Snapshot v1, https://goo.gl/fbAQLP

exports[`Styles Pages index should match snapshot 1`] = `
Object {
  "helloWorld": "css-bjcoli",
}
`;
