// Jest Snapshot v1, https://goo.gl/fbAQLP

exports[`Pages Index styles should match snapshot 1`] = `undefined`;
