// Jest Snapshot v1, https://goo.gl/fbAQLP

exports[`PlainSignInForm should match snapshot 1`] = `
<form
  onSubmit={[MockFunction]}
>
  <Component />
  <Component />
  <input
    type="submit"
  />
</form>
`;
